root@ubuntu:/var/www/curbe# npm install

up to date, audited 696 packages in 2s

102 packages are looking for funding
  run `npm fund` for details

6 vulnerabilities (1 low, 5 moderate)

To address issues that do not require attention, run:
  npm audit fix

To address all issues (including breaking changes), run:
  npm audit fix --force

Run `npm audit` for details.
root@ubuntu:/var/www/curbe# npm run db:push

> rest-express@1.0.0 db:push
> drizzle-kit push

No config path provided, using default 'drizzle.config.ts'
Reading config file '/var/www/curbe/drizzle.config.ts'
Using 'pg' driver for database querying
[âœ“] Pulling schema from database...
error: column "id" is in a primary key
    at /var/www/curbe/node_modules/pg-pool/index.js:45:11
    at process.processTicksAndRejections (node:internal/process/task_queues:95:5)
    at async Object.query (/var/www/curbe/node_modules/drizzle-kit/bin.cjs:80601:26)
    at async pgPush (/var/www/curbe/node_modules/drizzle-kit/bin.cjs:84411:13)
    at async Object.handler (/var/www/curbe/node_modules/drizzle-kit/bin.cjs:93813:9)
    at async run (/var/www/curbe/node_modules/drizzle-kit/bin.cjs:93059:7) {
  length: 104,
  severity: 'ERROR',
  code: '42P16',
  detail: undefined,
  hint: undefined,
  position: undefined,
  internalPosition: undefined,
  internalQuery: undefined,
  where: undefined,
  schema: undefined,
  table: undefined,
  column: undefined,
  dataType: undefined,
  constraint: undefined,
  file: 'tablecmds.c',
  line: '14121',
  routine: 'dropconstraint_internal'
}
root@ubuntu:/var/www/curbe# cd /var/www/curbe
root@ubuntu:/var/www/curbe# nano ecosystem.config.js

root@ubuntu:/var/www/curbe# mkdir -p logs
root@ubuntu:/var/www/curbe# pm2 start ecosystem.config.js
[PM2][ERROR] File ecosystem.config.js malformated
ReferenceError: module is not defined in ES module scope
This file is being treated as an ES module because it has a '.js' file extension and '/var/www/curbe/package.json' contains "type": "module". To treat it as a CommonJS script, rename it to use the '.cjs' file extension.
    at file:///var/www/curbe/ecosystem.config.js:1:1
    at ModuleJobSync.runSync (node:internal/modules/esm/module_job:437:37)
    at ModuleLoader.importSyncForRequire (node:internal/modules/esm/loader:389:47)
    at loadESMFromCJS (node:internal/modules/cjs/loader:1363:24)
    at Module._compile (node:internal/modules/cjs/loader:1503:5)
    at Module._extensions..js (node:internal/modules/cjs/loader:1623:10)
    at Module.load (node:internal/modules/cjs/loader:1266:32)
    at Module._load (node:internal/modules/cjs/loader:1091:12)
    at Module.require (node:internal/modules/cjs/loader:1289:19)
    at require (node:internal/modules/helpers:182:18)
root@ubuntu:/var/www/curbe# 